cargo :     Finished `test` profile [unoptimized + debuginfo] target(s) in 1.55
s
所在位置 行:439 字符: 49
+ ... t-Location F:\vibecode\chabaosucai\src-tauri; cargo test 2>&1 | Out-F ...
+                                                   ~~~~~~~~~~~~~~~
    + CategoryInfo          : NotSpecified: (    Finished `t...get(s) in 1.55s 
   :String) [], RemoteException
    + FullyQualifiedErrorId : NativeCommandError
 
     Running unittests src\lib.rs (target\debug\deps\bagertea_ai_media_v2_lib-6
33faed98e752418.exe)

running 33 tests
test db::settings::tests::active_falls_back_to_first ... ok
test db::settings::tests::empty_config_stays_empty ... ok
test db::settings::tests::legacy_flat_config_migrates_to_profile ... ok
test services::ai_cloud::tests::anthropic_no_text_block_gives_none ... ok
test services::ai_cloud::tests::anthropic_text_extracted ... ok
test services::ai_cloud::tests::categorized_clean_object ... ok
test services::ai_cloud::tests::categorized_garbage_gives_empty ... ok
test services::ai_cloud::tests::categorized_legacy_array_fallback ... ok
test services::ai_cloud::tests::categorized_noisy_reply ... ok
test services::ai_cloud::tests::extract_clean_json ... ok
test services::ai_cloud::tests::extract_from_noisy_reply ... ok
test services::ai_cloud::tests::extract_garbage_gives_empty ... ok
test services::ai_cloud::tests::overlong_and_blank_filtered ... ok
test services::ai_cloud::tests::parse_bad_payload_gives_empty ... ok
test services::ai_cloud::tests::parse_openai_models ... ok
test services::ai_cloud::tests::strict_garbage_is_err ... ok
test services::ai_cloud::tests::strict_valid_object_ok ... ok
test services::exif_meta::tests::bad_datetime_gives_none ... ok
test services::exif_meta::tests::f_number_rounded_to_tenth ... ok
test services::exif_meta::tests::exif_datetime_parses ... ok
test services::importer::tests::combo_template ... ok
test services::importer::tests::date_and_plain_seq ... ok
test services::importer::tests::default_template ... ok
test services::importer::tests::empty_result_falls_back_to_original ... ok
test services::importer::tests::illegal_chars_sanitized ... ok
test utils::path::tests::absolute_check ... ok
test services::importer::tests::keeps_original_name ... ok
test utils::bigram::tests::bigram_boundary_spaces ... ok
test utils::bigram::tests::bigram_splits_cjk ... ok
test utils::path::tests::normalize_windows_path ... ok
test services::imaging::tests::semaphore_allows_up_to_four ... ok
test services::imaging::tests::cut_jpeg_validates_markers ... ok
test services::imaging::tests::marker_scan_picks_largest_jpeg ... ok

test result: ok. 33 passed; 0 failed; 0 ignored; 0 measured; 0 filtered out; finished in 1.01s

     Running unittests src\main.rs (target\debug\deps\bagertea_ai_media_v2-9424
525ca6ff1b19.exe)

running 0 tests

test result: ok. 0 passed; 0 failed; 0 ignored; 0 measured; 0 filtered out; finished in 0.00s

     Running tests\db_integration.rs (target\debug\deps\db_integration-7dabe978
638b09bd.exe)

running 13 tests
test ai_confirm_flow ... ok
test assets_pagination_and_filters ... ok
test delete_asset_clears_index ... ok
test fts_index_on_insert ... ok
test fts_phrase_no_false_positive ... ok
test fts_substring_hit ... ok
test like_fallback_and_tag_search ... ok
test no_phantom_after_tag_removal ... ok
test rename_updates_index ... ok
test settings_roundtrip ... ok
test seed_presets_idempotent ... ok
test tag_reparent_cycle_rejected ... ok
test tag_tree_counts ... ok

test result: ok. 13 passed; 0 failed; 0 ignored; 0 measured; 0 filtered out; finished in 0.16s

     Running tests\dev_maintenance.rs (target\debug\deps\dev_maintenance-f88c9f
d150edc2f8.exe)

running 1 test
test purge_all_assets ... ignored, 鎵嬪姩瑙﹀彂鐨勭淮鎶ゆ搷浣?
test result: ok. 0 passed; 0 failed; 1 ignored; 0 measured; 0 filtered out; finished in 0.00s

     Running tests\perf_probe.rs (target\debug\deps\perf_probe-bfd7d651255cffd4
.exe)

running 2 tests
test probe_exif_error ... ignored, 鎵嬪姩璇婃柇
test probe_real_files ... ignored, 鎵嬪姩鎬ц兘鎺㈤拡

test result: ok. 0 passed; 0 failed; 2 ignored; 0 measured; 0 filtered out; finished in 0.00s

     Running tests\qa_edge_tests.rs (target\debug\deps\qa_edge_tests-b258c6b840
1cb411.exe)

running 53 tests
test b19_list_ids_capped_at_100000 ... ok
test b37_fresh_install_all_v2_columns ... ok
test batch_delete_empty ... ok
test batch_delete_duplicate_ids ... ok
test delete_parent_tag_cascades_children ... ok
test batch_delete_mixed_existing_and_missing ... ok
test fts_ascii_middle_substring ... ok
test batch_delete_assets ... ok
test delete_asset_cascades_tags_fts ... ok
test delete_tag_cascades_assignments_and_refreshes_fts ... ok
test b37_v2_crash_recovery_all_columns_present ... ok
test fts_ascii_partial_token_photo ... ok
test b27_clear_all_thumbnail_paths_writes_null ... ok
test b20_confirm_all_pending_atomic_success ... ok
test b20_confirm_all_pending_no_pending_is_noop ... ok
test fts_cjk_phrase_no_false_positive_4char ... ok
test fts_consistency_asset_rename ... ok
test fts_cjk_prefix_tokens_ok ... ok
test fts_consistency_tag_rename ... ok
test fts_emoji_query_no_false_positive ... ok
test fts_filename_with_double_quote ... ok
test b37_v2_partial_columns_recovery ... ok
test fts_ascii_partial_token_substring ... ok
test fts_asset_tag_join_order_independent ... ok
test fts_filename_with_star ... ok
test fts_punctuation_only_no_crash ... ok
test fts_pure_symbols_no_false_positive ... ok
test fts_cjk_ascii_mixed_substring ... ok
test fts_mixed_cjk_ascii_routing ... ok
test fts_cjk_phrase_3char_no_false_positive ... ok
test fts_space_only_no_crash ... ok
test fts_special_char_percent_query ... ok
test fts_tag_order_both_orders ... ok
test fts_tag_order_three_tags ... ok
test like_escape_underscore ... ok
test like_tag_name_with_special_char ... ok
test like_escape_backslash ... ok
test like_escape_percent ... ok
test list_ids_matches_list_filter ... ok
test pagination_has_more_boundary ... ok
test pagination_limit_zero_clamped ... ok
test pagination_negative_offset_clamped ... ok
test migrate_twice_is_idempotent ... ok
test migrate_after_data_preserves_rows ... ok
test pagination_offset_beyond_total ... ok
test tag_reparent_to_nonexistent_rejected ... ok
test list_ids_matches_list_tag_subtree_and_combined ... ok
test tag_reparent_deep_cycle_rejected ... ok
test tag_reparent_to_self_rejected ... ok
test tag_reparent_valid_moves ... ok
test v3_tag_names_follow_sort_order ... ok
test v3_rebuild_normalizes_fts_content ... ok
test b19_list_limit_hard_cap_1000 ... ok

test result: ok. 53 passed; 0 failed; 0 ignored; 0 measured; 0 filtered out; finished in 0.82s

     Running tests\services_integration.rs (target\debug\deps\services_integrat
ion-9247c38b34fa94aa.exe)

running 9 tests
test b04_export_move_updates_db_file_path ... ok
test b04_export_move_same_name_suffix_updates_db ... ok
test hd_thumbnail_generate_and_cache ... ok
test delete_cleans_thumbnails ... ok
test managed_library_import ... ok
test export_copy_integrity ... ok
test b01_import_cancel_zero_imported ... ok
test import_100_images_with_placeholders ... ok
test b06b_export_same_name_exhaustion_errors has been running for over 60 seconds
test b06b_export_same_name_exhaustion_errors ... ok

test result: ok. 9 passed; 0 failed; 0 ignored; 0 measured; 0 filtered out; finished in 157.00s

   Doc-tests bagertea_ai_media_v2_lib

running 0 tests

test result: ok. 0 passed; 0 failed; 0 ignored; 0 measured; 0 filtered out; finished in 0.00s

